
> vitest@0.0.0 test
> ng test

[33m❯[39m Building...
[32m✔[39m Building...
[1mInitial chunk files[22m[2m | [22m[1mNames[22m        [2m | [22m[1mRaw size[22m
[32mspec-app-app.js[39m    [2m | [22m[2mspec-app-app[22m [2m | [22m[36m47.22 kB[39m[2m | [22m
[32mchunk-XSGC6WRG.js[39m  [2m | [22m[2m-[22m            [2m | [22m [36m4.05 kB[39m[2m | [22m
[32minit-testbed.js[39m    [2m | [22m[2minit-testbed[22m [2m | [22m [36m1.20 kB[39m[2m | [22m
[32mstyles.css[39m         [2m | [22m[2mstyles[22m       [2m | [22m[36m57 bytes[39m[2m | [22m

[1m [22m                  [2m | [22m[1mInitial total[22m[2m | [22m[1m52.53 kB[22m

Application bundle generation complete. [1.540 seconds] - 2025-12-06T14:10:08.647Z


[1m[46m RUN [49m[22m [36mv4.0.15 [39m[90m/home/runner/work/ai-enabled-ut-fixer/ai-enabled-ut-fixer[39m

 [31m❯[39m [30m[42m vitest [49m[39m src/app/app.spec.ts [2m([22m[2m2 tests[22m[2m | [22m[31m1 failed[39m[2m)[22m[32m 109[2mms[22m[39m
     [32m✓[39m should create the app[32m 72[2mms[22m[39m
[31m     [31m×[31m should render title[39m[32m 35[2mms[22m[39m

[2m Test Files [22m [1m[31m1 failed[39m[22m[90m (1)[39m
[2m      Tests [22m [1m[31m1 failed[39m[22m[2m | [22m[1m[32m1 passed[39m[22m[90m (2)[39m
[2m   Start at [22m 14:10:08
[2m   Duration [22m 1.09s[2m (transform 98ms, setup 290ms, import 108ms, tests 109ms, environment 457ms)[22m


::error file=/home/runner/work/ai-enabled-ut-fixer/ai-enabled-ut-fixer/src/app/app.spec.ts,title=[vitest] src/app/app.spec.ts > App > should render title,line=21,column=59::AssertionError: expected 'Hello, vitest' not to contain 'Hello, vitest'%0A ❯ src/app/app.spec.ts:21:59%0A%0A
